
=== Test 1: Register with valid @gcet.edu.in email ===
ERROR:
The remote server returned an error: (500) Internal Server Error.
{"success":false,"message":"Server error during registration","error":"next is not a function"}

=== Test 2: Register with invalid domain (@gmail.com) ===
EXPECTED ERROR:
The remote server returned an error: (403) Forbidden.
{"success":false,"message":"Access restricted to @gcet.edu.in domain only"}

=== Test 3: Login with correct credentials ===
ERROR:
The remote server returned an error: (401) Unauthorized.
{"success":false,"message":"Invalid email or password"}

=== Test 4: Login with incorrect password ===
EXPECTED ERROR:
The remote server returned an error: (401) Unauthorized.
{"success":false,"message":"Invalid email or password"}

=== Test 5: Check authentication status ===
SUCCESS:
{
    "authenticated":  false
}

=== All Tests Complete ===
