
=== Test 1: Register with valid @gcet.edu.in email ===
Status: 500
Response: {
  "success": false,
  "message": "Server error during registration",
  "error": "next is not a function"
}

=== Test 2: Register with invalid domain (@gmail.com) ===
Status: 403
Response: {
  "success": false,
  "message": "Access restricted to @gcet.edu.in domain only"
}

=== Test 3: Login with correct credentials ===
Status: 401
Response: {
  "success": false,
  "message": "Invalid email or password"
}

=== Test 4: Login with incorrect password ===
Status: 401
Response: {
  "success": false,
  "message": "Invalid email or password"
}

=== Test 5: Check auth status ===
Status: 200
Response: {
  "authenticated": false
}

=== All Tests Complete ===
